ARM GAS  C:\Users\sunyi\AppData\Local\Temp\ccPIHzqO.s 			page 1


   1              		.cpu cortex-m0
   2              		.fpu softvfp
   3              		.eabi_attribute 20, 1
   4              		.eabi_attribute 21, 1
   5              		.eabi_attribute 23, 3
   6              		.eabi_attribute 24, 1
   7              		.eabi_attribute 25, 1
   8              		.eabi_attribute 26, 1
   9              		.eabi_attribute 30, 6
  10              		.eabi_attribute 34, 0
  11              		.eabi_attribute 18, 4
  12              		.code	16
  13              		.file	"cyfitter_cfg.c"
  14              		.text
  15              	.Ltext0:
  16              		.cfi_sections	.debug_frame
  17              		.section	.text.CYMEMZERO,"ax",%progbits
  18              		.align	2
  19              		.code	16
  20              		.thumb_func
  21              		.type	CYMEMZERO, %function
  22              	CYMEMZERO:
  23              	.LFB2:
  24              		.file 1 ".\\Generated_Source\\PSoC4\\cyfitter_cfg.c"
   1:.\Generated_Source\PSoC4/cyfitter_cfg.c **** /*******************************************************************************
   2:.\Generated_Source\PSoC4/cyfitter_cfg.c **** * File Name: cyfitter_cfg.c
   3:.\Generated_Source\PSoC4/cyfitter_cfg.c **** * 
   4:.\Generated_Source\PSoC4/cyfitter_cfg.c **** * PSoC Creator  3.3 SP2
   5:.\Generated_Source\PSoC4/cyfitter_cfg.c **** *
   6:.\Generated_Source\PSoC4/cyfitter_cfg.c **** * Description:
   7:.\Generated_Source\PSoC4/cyfitter_cfg.c **** * This file contains device initialization code.
   8:.\Generated_Source\PSoC4/cyfitter_cfg.c **** * Except for the user defined sections in CyClockStartupError(), this file should not be modified.
   9:.\Generated_Source\PSoC4/cyfitter_cfg.c **** * This file is automatically generated by PSoC Creator.
  10:.\Generated_Source\PSoC4/cyfitter_cfg.c **** *
  11:.\Generated_Source\PSoC4/cyfitter_cfg.c **** ********************************************************************************
  12:.\Generated_Source\PSoC4/cyfitter_cfg.c **** * Copyright (c) 2007-2016 Cypress Semiconductor.  All rights reserved.
  13:.\Generated_Source\PSoC4/cyfitter_cfg.c **** * You may use this file only in accordance with the license, terms, conditions, 
  14:.\Generated_Source\PSoC4/cyfitter_cfg.c **** * disclaimers, and limitations in the end user license agreement accompanying 
  15:.\Generated_Source\PSoC4/cyfitter_cfg.c **** * the software package with which this file was provided.
  16:.\Generated_Source\PSoC4/cyfitter_cfg.c **** ********************************************************************************/
  17:.\Generated_Source\PSoC4/cyfitter_cfg.c **** 
  18:.\Generated_Source\PSoC4/cyfitter_cfg.c **** #include <string.h>
  19:.\Generated_Source\PSoC4/cyfitter_cfg.c **** #include "cytypes.h"
  20:.\Generated_Source\PSoC4/cyfitter_cfg.c **** #include "cydevice_trm.h"
  21:.\Generated_Source\PSoC4/cyfitter_cfg.c **** #include "cyfitter.h"
  22:.\Generated_Source\PSoC4/cyfitter_cfg.c **** #include "CyLib.h"
  23:.\Generated_Source\PSoC4/cyfitter_cfg.c **** #include "cyfitter_cfg.h"
  24:.\Generated_Source\PSoC4/cyfitter_cfg.c **** 
  25:.\Generated_Source\PSoC4/cyfitter_cfg.c **** 
  26:.\Generated_Source\PSoC4/cyfitter_cfg.c **** #if defined(__GNUC__) || defined(__ARMCC_VERSION)
  27:.\Generated_Source\PSoC4/cyfitter_cfg.c ****     #define CYPACKED 
  28:.\Generated_Source\PSoC4/cyfitter_cfg.c ****     #define CYPACKED_ATTR __attribute__ ((packed))
  29:.\Generated_Source\PSoC4/cyfitter_cfg.c ****     #define CYALIGNED __attribute__ ((aligned))
  30:.\Generated_Source\PSoC4/cyfitter_cfg.c ****     #define CY_CFG_UNUSED __attribute__ ((unused))
  31:.\Generated_Source\PSoC4/cyfitter_cfg.c ****     #ifndef CY_CFG_SECTION
  32:.\Generated_Source\PSoC4/cyfitter_cfg.c ****         #define CY_CFG_SECTION __attribute__ ((section(".psocinit")))
  33:.\Generated_Source\PSoC4/cyfitter_cfg.c ****     #endif
ARM GAS  C:\Users\sunyi\AppData\Local\Temp\ccPIHzqO.s 			page 2


  34:.\Generated_Source\PSoC4/cyfitter_cfg.c ****     
  35:.\Generated_Source\PSoC4/cyfitter_cfg.c ****     #if defined(__ARMCC_VERSION)
  36:.\Generated_Source\PSoC4/cyfitter_cfg.c ****         #define CY_CFG_MEMORY_BARRIER() __memory_changed()
  37:.\Generated_Source\PSoC4/cyfitter_cfg.c ****     #else
  38:.\Generated_Source\PSoC4/cyfitter_cfg.c ****         #define CY_CFG_MEMORY_BARRIER() __sync_synchronize()
  39:.\Generated_Source\PSoC4/cyfitter_cfg.c ****     #endif
  40:.\Generated_Source\PSoC4/cyfitter_cfg.c ****     
  41:.\Generated_Source\PSoC4/cyfitter_cfg.c **** #elif defined(__ICCARM__)
  42:.\Generated_Source\PSoC4/cyfitter_cfg.c ****     #include <intrinsics.h>
  43:.\Generated_Source\PSoC4/cyfitter_cfg.c **** 
  44:.\Generated_Source\PSoC4/cyfitter_cfg.c ****     #define CYPACKED __packed
  45:.\Generated_Source\PSoC4/cyfitter_cfg.c ****     #define CYPACKED_ATTR 
  46:.\Generated_Source\PSoC4/cyfitter_cfg.c ****     #define CYALIGNED _Pragma("data_alignment=4")
  47:.\Generated_Source\PSoC4/cyfitter_cfg.c ****     #define CY_CFG_UNUSED _Pragma("diag_suppress=Pe177")
  48:.\Generated_Source\PSoC4/cyfitter_cfg.c ****     #define CY_CFG_SECTION _Pragma("location=\".psocinit\"")
  49:.\Generated_Source\PSoC4/cyfitter_cfg.c ****     
  50:.\Generated_Source\PSoC4/cyfitter_cfg.c ****     #define CY_CFG_MEMORY_BARRIER() __DMB()
  51:.\Generated_Source\PSoC4/cyfitter_cfg.c ****     
  52:.\Generated_Source\PSoC4/cyfitter_cfg.c **** #else
  53:.\Generated_Source\PSoC4/cyfitter_cfg.c ****     #error Unsupported toolchain
  54:.\Generated_Source\PSoC4/cyfitter_cfg.c **** #endif
  55:.\Generated_Source\PSoC4/cyfitter_cfg.c **** 
  56:.\Generated_Source\PSoC4/cyfitter_cfg.c **** 
  57:.\Generated_Source\PSoC4/cyfitter_cfg.c **** CY_CFG_UNUSED
  58:.\Generated_Source\PSoC4/cyfitter_cfg.c **** static void CYMEMZERO(void *s, size_t n);
  59:.\Generated_Source\PSoC4/cyfitter_cfg.c **** CY_CFG_UNUSED
  60:.\Generated_Source\PSoC4/cyfitter_cfg.c **** static void CYMEMZERO(void *s, size_t n)
  61:.\Generated_Source\PSoC4/cyfitter_cfg.c **** {
  25              		.loc 1 61 0
  26              		.cfi_startproc
  27 0000 80B5     		push	{r7, lr}
  28              		.cfi_def_cfa_offset 8
  29              		.cfi_offset 7, -8
  30              		.cfi_offset 14, -4
  31 0002 82B0     		sub	sp, sp, #8
  32              		.cfi_def_cfa_offset 16
  33 0004 00AF     		add	r7, sp, #0
  34              		.cfi_def_cfa_register 7
  35 0006 7860     		str	r0, [r7, #4]
  36 0008 3960     		str	r1, [r7]
  62:.\Generated_Source\PSoC4/cyfitter_cfg.c **** 	(void)memset(s, 0, n);
  37              		.loc 1 62 0
  38 000a 7A68     		ldr	r2, [r7, #4]
  39 000c 3B68     		ldr	r3, [r7]
  40 000e 101C     		mov	r0, r2
  41 0010 0021     		mov	r1, #0
  42 0012 1A1C     		mov	r2, r3
  43 0014 FFF7FEFF 		bl	memset
  63:.\Generated_Source\PSoC4/cyfitter_cfg.c **** }
  44              		.loc 1 63 0
  45 0018 BD46     		mov	sp, r7
  46 001a 02B0     		add	sp, sp, #8
  47              		@ sp needed
  48 001c 80BD     		pop	{r7, pc}
  49              		.cfi_endproc
  50              	.LFE2:
  51              		.size	CYMEMZERO, .-CYMEMZERO
ARM GAS  C:\Users\sunyi\AppData\Local\Temp\ccPIHzqO.s 			page 3


  52 001e C046     		.section	.text.CYCONFIGCPY,"ax",%progbits
  53              		.align	2
  54              		.code	16
  55              		.thumb_func
  56              		.type	CYCONFIGCPY, %function
  57              	CYCONFIGCPY:
  58              	.LFB3:
  64:.\Generated_Source\PSoC4/cyfitter_cfg.c **** CY_CFG_UNUSED
  65:.\Generated_Source\PSoC4/cyfitter_cfg.c **** static void CYCONFIGCPY(void *dest, const void *src, size_t n);
  66:.\Generated_Source\PSoC4/cyfitter_cfg.c **** CY_CFG_UNUSED
  67:.\Generated_Source\PSoC4/cyfitter_cfg.c **** static void CYCONFIGCPY(void *dest, const void *src, size_t n)
  68:.\Generated_Source\PSoC4/cyfitter_cfg.c **** {
  59              		.loc 1 68 0
  60              		.cfi_startproc
  61 0000 80B5     		push	{r7, lr}
  62              		.cfi_def_cfa_offset 8
  63              		.cfi_offset 7, -8
  64              		.cfi_offset 14, -4
  65 0002 84B0     		sub	sp, sp, #16
  66              		.cfi_def_cfa_offset 24
  67 0004 00AF     		add	r7, sp, #0
  68              		.cfi_def_cfa_register 7
  69 0006 F860     		str	r0, [r7, #12]
  70 0008 B960     		str	r1, [r7, #8]
  71 000a 7A60     		str	r2, [r7, #4]
  69:.\Generated_Source\PSoC4/cyfitter_cfg.c **** 	(void)memcpy(dest, src, n);
  72              		.loc 1 69 0
  73 000c F968     		ldr	r1, [r7, #12]
  74 000e BA68     		ldr	r2, [r7, #8]
  75 0010 7B68     		ldr	r3, [r7, #4]
  76 0012 081C     		mov	r0, r1
  77 0014 111C     		mov	r1, r2
  78 0016 1A1C     		mov	r2, r3
  79 0018 FFF7FEFF 		bl	memcpy
  70:.\Generated_Source\PSoC4/cyfitter_cfg.c **** }
  80              		.loc 1 70 0
  81 001c BD46     		mov	sp, r7
  82 001e 04B0     		add	sp, sp, #16
  83              		@ sp needed
  84 0020 80BD     		pop	{r7, pc}
  85              		.cfi_endproc
  86              	.LFE3:
  87              		.size	CYCONFIGCPY, .-CYCONFIGCPY
  88 0022 C046     		.section	.text.CYCONFIGCPYCODE,"ax",%progbits
  89              		.align	2
  90              		.code	16
  91              		.thumb_func
  92              		.type	CYCONFIGCPYCODE, %function
  93              	CYCONFIGCPYCODE:
  94              	.LFB4:
  71:.\Generated_Source\PSoC4/cyfitter_cfg.c **** CY_CFG_UNUSED
  72:.\Generated_Source\PSoC4/cyfitter_cfg.c **** static void CYCONFIGCPYCODE(void *dest, const void *src, size_t n);
  73:.\Generated_Source\PSoC4/cyfitter_cfg.c **** CY_CFG_UNUSED
  74:.\Generated_Source\PSoC4/cyfitter_cfg.c **** static void CYCONFIGCPYCODE(void *dest, const void *src, size_t n)
  75:.\Generated_Source\PSoC4/cyfitter_cfg.c **** {
  95              		.loc 1 75 0
  96              		.cfi_startproc
ARM GAS  C:\Users\sunyi\AppData\Local\Temp\ccPIHzqO.s 			page 4


  97 0000 80B5     		push	{r7, lr}
  98              		.cfi_def_cfa_offset 8
  99              		.cfi_offset 7, -8
 100              		.cfi_offset 14, -4
 101 0002 84B0     		sub	sp, sp, #16
 102              		.cfi_def_cfa_offset 24
 103 0004 00AF     		add	r7, sp, #0
 104              		.cfi_def_cfa_register 7
 105 0006 F860     		str	r0, [r7, #12]
 106 0008 B960     		str	r1, [r7, #8]
 107 000a 7A60     		str	r2, [r7, #4]
  76:.\Generated_Source\PSoC4/cyfitter_cfg.c **** 	(void)memcpy(dest, src, n);
 108              		.loc 1 76 0
 109 000c F968     		ldr	r1, [r7, #12]
 110 000e BA68     		ldr	r2, [r7, #8]
 111 0010 7B68     		ldr	r3, [r7, #4]
 112 0012 081C     		mov	r0, r1
 113 0014 111C     		mov	r1, r2
 114 0016 1A1C     		mov	r2, r3
 115 0018 FFF7FEFF 		bl	memcpy
  77:.\Generated_Source\PSoC4/cyfitter_cfg.c **** }
 116              		.loc 1 77 0
 117 001c BD46     		mov	sp, r7
 118 001e 04B0     		add	sp, sp, #16
 119              		@ sp needed
 120 0020 80BD     		pop	{r7, pc}
 121              		.cfi_endproc
 122              	.LFE4:
 123              		.size	CYCONFIGCPYCODE, .-CYCONFIGCPYCODE
 124 0022 C046     		.section	.psocinit,"ax",%progbits
 125              		.align	2
 126              		.code	16
 127              		.thumb_func
 128              		.type	ClockSetup, %function
 129              	ClockSetup:
 130              	.LFB5:
  78:.\Generated_Source\PSoC4/cyfitter_cfg.c **** 
  79:.\Generated_Source\PSoC4/cyfitter_cfg.c **** 
  80:.\Generated_Source\PSoC4/cyfitter_cfg.c **** 
  81:.\Generated_Source\PSoC4/cyfitter_cfg.c **** /* Clock startup error codes                                                   */
  82:.\Generated_Source\PSoC4/cyfitter_cfg.c **** #define CYCLOCKSTART_NO_ERROR    0u
  83:.\Generated_Source\PSoC4/cyfitter_cfg.c **** #define CYCLOCKSTART_XTAL_ERROR  1u
  84:.\Generated_Source\PSoC4/cyfitter_cfg.c **** #define CYCLOCKSTART_32KHZ_ERROR 2u
  85:.\Generated_Source\PSoC4/cyfitter_cfg.c **** #define CYCLOCKSTART_PLL_ERROR   3u
  86:.\Generated_Source\PSoC4/cyfitter_cfg.c **** 
  87:.\Generated_Source\PSoC4/cyfitter_cfg.c **** #ifdef CY_NEED_CYCLOCKSTARTUPERROR
  88:.\Generated_Source\PSoC4/cyfitter_cfg.c **** /*******************************************************************************
  89:.\Generated_Source\PSoC4/cyfitter_cfg.c **** * Function Name: CyClockStartupError
  90:.\Generated_Source\PSoC4/cyfitter_cfg.c **** ********************************************************************************
  91:.\Generated_Source\PSoC4/cyfitter_cfg.c **** * Summary:
  92:.\Generated_Source\PSoC4/cyfitter_cfg.c **** *  If an error is encountered during clock configuration (crystal startup error,
  93:.\Generated_Source\PSoC4/cyfitter_cfg.c **** *  PLL lock error, etc.), the system will end up here.  Unless reimplemented by
  94:.\Generated_Source\PSoC4/cyfitter_cfg.c **** *  the customer, this function will stop in an infinite loop.
  95:.\Generated_Source\PSoC4/cyfitter_cfg.c **** *
  96:.\Generated_Source\PSoC4/cyfitter_cfg.c **** * Parameters:
  97:.\Generated_Source\PSoC4/cyfitter_cfg.c **** *   void
  98:.\Generated_Source\PSoC4/cyfitter_cfg.c **** *
ARM GAS  C:\Users\sunyi\AppData\Local\Temp\ccPIHzqO.s 			page 5


  99:.\Generated_Source\PSoC4/cyfitter_cfg.c **** * Return:
 100:.\Generated_Source\PSoC4/cyfitter_cfg.c **** *   void
 101:.\Generated_Source\PSoC4/cyfitter_cfg.c **** *
 102:.\Generated_Source\PSoC4/cyfitter_cfg.c **** *******************************************************************************/
 103:.\Generated_Source\PSoC4/cyfitter_cfg.c **** CY_CFG_UNUSED
 104:.\Generated_Source\PSoC4/cyfitter_cfg.c **** static void CyClockStartupError(uint8 errorCode);
 105:.\Generated_Source\PSoC4/cyfitter_cfg.c **** CY_CFG_UNUSED
 106:.\Generated_Source\PSoC4/cyfitter_cfg.c **** static void CyClockStartupError(uint8 errorCode)
 107:.\Generated_Source\PSoC4/cyfitter_cfg.c **** {
 108:.\Generated_Source\PSoC4/cyfitter_cfg.c ****     /* To remove the compiler warning if errorCode not used.                */
 109:.\Generated_Source\PSoC4/cyfitter_cfg.c ****     errorCode = errorCode;
 110:.\Generated_Source\PSoC4/cyfitter_cfg.c **** 
 111:.\Generated_Source\PSoC4/cyfitter_cfg.c ****     /* `#START CyClockStartupError` */
 112:.\Generated_Source\PSoC4/cyfitter_cfg.c **** 
 113:.\Generated_Source\PSoC4/cyfitter_cfg.c ****     /* If we have a clock startup error (bad MHz crystal, PLL lock, etc.),  */
 114:.\Generated_Source\PSoC4/cyfitter_cfg.c ****     /* we will end up here to allow the customer to implement something to  */
 115:.\Generated_Source\PSoC4/cyfitter_cfg.c ****     /* deal with the clock condition.                                       */
 116:.\Generated_Source\PSoC4/cyfitter_cfg.c **** 
 117:.\Generated_Source\PSoC4/cyfitter_cfg.c ****     /* `#END` */
 118:.\Generated_Source\PSoC4/cyfitter_cfg.c **** 
 119:.\Generated_Source\PSoC4/cyfitter_cfg.c ****     /* If nothing else, stop here since the clocks have not started         */
 120:.\Generated_Source\PSoC4/cyfitter_cfg.c ****     /* correctly.                                                           */
 121:.\Generated_Source\PSoC4/cyfitter_cfg.c ****     while(1) {}
 122:.\Generated_Source\PSoC4/cyfitter_cfg.c **** }
 123:.\Generated_Source\PSoC4/cyfitter_cfg.c **** #endif
 124:.\Generated_Source\PSoC4/cyfitter_cfg.c **** 
 125:.\Generated_Source\PSoC4/cyfitter_cfg.c **** 
 126:.\Generated_Source\PSoC4/cyfitter_cfg.c **** 
 127:.\Generated_Source\PSoC4/cyfitter_cfg.c **** /*******************************************************************************
 128:.\Generated_Source\PSoC4/cyfitter_cfg.c **** * Function Name: ClockSetup
 129:.\Generated_Source\PSoC4/cyfitter_cfg.c **** ********************************************************************************
 130:.\Generated_Source\PSoC4/cyfitter_cfg.c **** *
 131:.\Generated_Source\PSoC4/cyfitter_cfg.c **** * Summary:
 132:.\Generated_Source\PSoC4/cyfitter_cfg.c **** *   Performs the initialization of all of the clocks in the device based on the
 133:.\Generated_Source\PSoC4/cyfitter_cfg.c **** *   settings in the Clock tab of the DWR.  This includes enabling the requested
 134:.\Generated_Source\PSoC4/cyfitter_cfg.c **** *   clocks and setting the necessary dividers to produce the desired frequency. 
 135:.\Generated_Source\PSoC4/cyfitter_cfg.c **** *
 136:.\Generated_Source\PSoC4/cyfitter_cfg.c **** * Parameters:
 137:.\Generated_Source\PSoC4/cyfitter_cfg.c **** *   void
 138:.\Generated_Source\PSoC4/cyfitter_cfg.c **** *
 139:.\Generated_Source\PSoC4/cyfitter_cfg.c **** * Return:
 140:.\Generated_Source\PSoC4/cyfitter_cfg.c **** *   void
 141:.\Generated_Source\PSoC4/cyfitter_cfg.c **** *
 142:.\Generated_Source\PSoC4/cyfitter_cfg.c **** *******************************************************************************/
 143:.\Generated_Source\PSoC4/cyfitter_cfg.c **** static void ClockSetup(void);
 144:.\Generated_Source\PSoC4/cyfitter_cfg.c **** CY_CFG_SECTION
 145:.\Generated_Source\PSoC4/cyfitter_cfg.c **** static void ClockSetup(void)
 146:.\Generated_Source\PSoC4/cyfitter_cfg.c **** {
 131              		.loc 1 146 0
 132              		.cfi_startproc
 133 0000 80B5     		push	{r7, lr}
 134              		.cfi_def_cfa_offset 8
 135              		.cfi_offset 7, -8
 136              		.cfi_offset 14, -4
 137 0002 00AF     		add	r7, sp, #0
 138              		.cfi_def_cfa_register 7
 147:.\Generated_Source\PSoC4/cyfitter_cfg.c **** 
ARM GAS  C:\Users\sunyi\AppData\Local\Temp\ccPIHzqO.s 			page 6


 148:.\Generated_Source\PSoC4/cyfitter_cfg.c **** 	/* Set Flash Cycles based on max possible frequency in case a glitch occurs during ClockSetup(). *
 149:.\Generated_Source\PSoC4/cyfitter_cfg.c **** 	CY_SET_REG32((void CYXDATA *)(CYREG_CPUSS_FLASH_CTL), (0x0012u));
 139              		.loc 1 149 0
 140 0004 224B     		ldr	r3, .L5
 141 0006 1222     		mov	r2, #18
 142 0008 1A60     		str	r2, [r3]
 150:.\Generated_Source\PSoC4/cyfitter_cfg.c **** 
 151:.\Generated_Source\PSoC4/cyfitter_cfg.c **** 	/* Start the WCO */
 152:.\Generated_Source\PSoC4/cyfitter_cfg.c **** 	CySysClkWcoStart();
 143              		.loc 1 152 0
 144 000a FFF7FEFF 		bl	CySysClkWcoStart
 153:.\Generated_Source\PSoC4/cyfitter_cfg.c **** 	CyDelayCycles(12000000u); /* WCO may take up to 500ms to start */
 145              		.loc 1 153 0
 146 000e 214B     		ldr	r3, .L5+4
 147 0010 181C     		mov	r0, r3
 148 0012 FFF7FEFF 		bl	CyDelayCycles
 154:.\Generated_Source\PSoC4/cyfitter_cfg.c **** 	(void)CySysClkWcoSetPowerMode(CY_SYS_CLK_WCO_LPM);    /* Switch to the low power mode */
 149              		.loc 1 154 0
 150 0016 0120     		mov	r0, #1
 151 0018 FFF7FEFF 		bl	CySysClkWcoSetPowerMode
 155:.\Generated_Source\PSoC4/cyfitter_cfg.c **** 
 156:.\Generated_Source\PSoC4/cyfitter_cfg.c **** 	/* Setup and trim IMO based on desired frequency. */
 157:.\Generated_Source\PSoC4/cyfitter_cfg.c **** 	CySysClkWriteImoFreq(48u);
 152              		.loc 1 157 0
 153 001c 3020     		mov	r0, #48
 154 001e FFF7FEFF 		bl	CySysClkWriteImoFreq
 158:.\Generated_Source\PSoC4/cyfitter_cfg.c **** 	/* CYDEV_CLK_ILO_CONFIG Starting address: CYDEV_CLK_ILO_CONFIG */
 159:.\Generated_Source\PSoC4/cyfitter_cfg.c **** 	CY_SET_XTND_REG32((void CYFAR *)(CYREG_CLK_ILO_CONFIG), 0x80000006u);
 155              		.loc 1 159 0
 156 0022 1D4B     		ldr	r3, .L5+8
 157 0024 1D4A     		ldr	r2, .L5+12
 158 0026 1A60     		str	r2, [r3]
 160:.\Generated_Source\PSoC4/cyfitter_cfg.c **** 
 161:.\Generated_Source\PSoC4/cyfitter_cfg.c **** 	/* CYDEV_WDT_CONFIG Starting address: CYDEV_WDT_CONFIG */
 162:.\Generated_Source\PSoC4/cyfitter_cfg.c **** 	CY_SET_XTND_REG32((void CYFAR *)(CYREG_WDT_CONFIG), 0x40000000u);
 159              		.loc 1 162 0
 160 0028 1D4B     		ldr	r3, .L5+16
 161 002a 8022     		mov	r2, #128
 162 002c D205     		lsl	r2, r2, #23
 163 002e 1A60     		str	r2, [r3]
 163:.\Generated_Source\PSoC4/cyfitter_cfg.c **** 
 164:.\Generated_Source\PSoC4/cyfitter_cfg.c **** 
 165:.\Generated_Source\PSoC4/cyfitter_cfg.c **** 	/* Enable fast start mode for XO */
 166:.\Generated_Source\PSoC4/cyfitter_cfg.c **** 	CY_SET_REG32((void*)CYREG_BLE_BLERD_BB_XO, CY_GET_REG32((void*)CYREG_BLE_BLERD_BB_XO) | (uint32)0x
 164              		.loc 1 166 0
 165 0030 1C4B     		ldr	r3, .L5+20
 166 0032 1C4A     		ldr	r2, .L5+20
 167 0034 1268     		ldr	r2, [r2]
 168 0036 0221     		mov	r1, #2
 169 0038 0A43     		orr	r2, r1
 170 003a 1A60     		str	r2, [r3]
 167:.\Generated_Source\PSoC4/cyfitter_cfg.c **** 	CY_SET_XTND_REG32((void CYFAR *)(CYREG_BLE_BLERD_BB_XO_CAPTRIM), 0x00002D6Au);
 171              		.loc 1 167 0
 172 003c 1A4B     		ldr	r3, .L5+24
 173 003e 1B4A     		ldr	r2, .L5+28
 174 0040 1A60     		str	r2, [r3]
 168:.\Generated_Source\PSoC4/cyfitter_cfg.c **** 	/* Disable Crystal Stable Interrupt before enabling ECO */
ARM GAS  C:\Users\sunyi\AppData\Local\Temp\ccPIHzqO.s 			page 7


 169:.\Generated_Source\PSoC4/cyfitter_cfg.c **** 	CY_SET_REG32((void*)CYREG_BLE_BLESS_LL_DSM_CTRL, CY_GET_REG32((void*)CYREG_BLE_BLESS_LL_DSM_CTRL) 
 175              		.loc 1 169 0
 176 0042 1B4B     		ldr	r3, .L5+32
 177 0044 1A4A     		ldr	r2, .L5+32
 178 0046 1268     		ldr	r2, [r2]
 179 0048 0821     		mov	r1, #8
 180 004a 8A43     		bic	r2, r1
 181 004c 1A60     		str	r2, [r3]
 170:.\Generated_Source\PSoC4/cyfitter_cfg.c **** 	/* Start the ECO and do not check status since it is not needed for HFCLK */
 171:.\Generated_Source\PSoC4/cyfitter_cfg.c **** 	(void)CySysClkEcoStart(2000u);
 182              		.loc 1 171 0
 183 004e FA23     		mov	r3, #250
 184 0050 DB00     		lsl	r3, r3, #3
 185 0052 181C     		mov	r0, r3
 186 0054 FFF7FEFF 		bl	CySysClkEcoStart
 172:.\Generated_Source\PSoC4/cyfitter_cfg.c **** 	CyDelayUs(1500u); /* Wait to stabalize */
 187              		.loc 1 172 0
 188 0058 164B     		ldr	r3, .L5+36
 189 005a 181C     		mov	r0, r3
 190 005c FFF7FEFF 		bl	CyDelayUs
 173:.\Generated_Source\PSoC4/cyfitter_cfg.c **** 
 174:.\Generated_Source\PSoC4/cyfitter_cfg.c **** 	/* Setup phase aligned clocks */
 175:.\Generated_Source\PSoC4/cyfitter_cfg.c **** 	CY_SET_REG32((void *)CYREG_PERI_DIV_16_CTL0, 0x00001900u);
 191              		.loc 1 175 0
 192 0060 154B     		ldr	r3, .L5+40
 193 0062 C822     		mov	r2, #200
 194 0064 5201     		lsl	r2, r2, #5
 195 0066 1A60     		str	r2, [r3]
 176:.\Generated_Source\PSoC4/cyfitter_cfg.c **** 	CY_SET_REG32((void *)CYREG_PERI_DIV_CMD, 0x8000FF40u);
 196              		.loc 1 176 0
 197 0068 144B     		ldr	r3, .L5+44
 198 006a 154A     		ldr	r2, .L5+48
 199 006c 1A60     		str	r2, [r3]
 177:.\Generated_Source\PSoC4/cyfitter_cfg.c **** 
 178:.\Generated_Source\PSoC4/cyfitter_cfg.c **** 	/* CYDEV_CLK_IMO_CONFIG Starting address: CYDEV_CLK_IMO_CONFIG */
 179:.\Generated_Source\PSoC4/cyfitter_cfg.c **** 	CY_SET_XTND_REG32((void CYFAR *)(CYREG_CLK_IMO_CONFIG), 0x80000000u);
 200              		.loc 1 179 0
 201 006e 154B     		ldr	r3, .L5+52
 202 0070 8022     		mov	r2, #128
 203 0072 1206     		lsl	r2, r2, #24
 204 0074 1A60     		str	r2, [r3]
 180:.\Generated_Source\PSoC4/cyfitter_cfg.c **** 
 181:.\Generated_Source\PSoC4/cyfitter_cfg.c **** 	/* CYDEV_CLK_SELECT Starting address: CYDEV_CLK_SELECT */
 182:.\Generated_Source\PSoC4/cyfitter_cfg.c **** 	CY_SET_XTND_REG32((void CYFAR *)(CYREG_CLK_SELECT), 0x00040000u);
 205              		.loc 1 182 0
 206 0076 144B     		ldr	r3, .L5+56
 207 0078 8022     		mov	r2, #128
 208 007a D202     		lsl	r2, r2, #11
 209 007c 1A60     		str	r2, [r3]
 183:.\Generated_Source\PSoC4/cyfitter_cfg.c **** 
 184:.\Generated_Source\PSoC4/cyfitter_cfg.c **** 	/* CYDEV_PERI_PCLK_CTL1 Starting address: CYDEV_PERI_PCLK_CTL1 */
 185:.\Generated_Source\PSoC4/cyfitter_cfg.c **** 	CY_SET_XTND_REG32((void CYFAR *)(CYREG_PERI_PCLK_CTL1), 0x00000040u);
 210              		.loc 1 185 0
 211 007e 134B     		ldr	r3, .L5+60
 212 0080 4022     		mov	r2, #64
 213 0082 1A60     		str	r2, [r3]
 186:.\Generated_Source\PSoC4/cyfitter_cfg.c **** 
ARM GAS  C:\Users\sunyi\AppData\Local\Temp\ccPIHzqO.s 			page 8


 187:.\Generated_Source\PSoC4/cyfitter_cfg.c **** 	CY_SET_XTND_REG32((void CYFAR *)(CYREG_WDT_CONFIG), 0x40000000u);
 214              		.loc 1 187 0
 215 0084 064B     		ldr	r3, .L5+16
 216 0086 8022     		mov	r2, #128
 217 0088 D205     		lsl	r2, r2, #23
 218 008a 1A60     		str	r2, [r3]
 188:.\Generated_Source\PSoC4/cyfitter_cfg.c **** }
 219              		.loc 1 188 0
 220 008c BD46     		mov	sp, r7
 221              		@ sp needed
 222 008e 80BD     		pop	{r7, pc}
 223              	.L6:
 224              		.align	2
 225              	.L5:
 226 0090 30001040 		.word	1074790448
 227 0094 001BB700 		.word	12000000
 228 0098 04010B40 		.word	1074462980
 229 009c 06000080 		.word	-2147483642
 230 00a0 0C020B40 		.word	1074463244
 231 00a4 78002E40 		.word	1076756600
 232 00a8 7C002E40 		.word	1076756604
 233 00ac 6A2D0000 		.word	11626
 234 00b0 6CF02E40 		.word	1076818028
 235 00b4 DC050000 		.word	1500
 236 00b8 00030140 		.word	1073808128
 237 00bc 00000140 		.word	1073807360
 238 00c0 40FF0080 		.word	-2147418304
 239 00c4 08010B40 		.word	1074462984
 240 00c8 00010B40 		.word	1074462976
 241 00cc 04010140 		.word	1073807620
 242              		.cfi_endproc
 243              	.LFE5:
 244              		.size	ClockSetup, .-ClockSetup
 245              		.section	.text.AnalogSetDefault,"ax",%progbits
 246              		.align	2
 247              		.code	16
 248              		.thumb_func
 249              		.type	AnalogSetDefault, %function
 250              	AnalogSetDefault:
 251              	.LFB6:
 189:.\Generated_Source\PSoC4/cyfitter_cfg.c **** 
 190:.\Generated_Source\PSoC4/cyfitter_cfg.c **** 
 191:.\Generated_Source\PSoC4/cyfitter_cfg.c **** /* Analog API Functions */
 192:.\Generated_Source\PSoC4/cyfitter_cfg.c **** 
 193:.\Generated_Source\PSoC4/cyfitter_cfg.c **** 
 194:.\Generated_Source\PSoC4/cyfitter_cfg.c **** /*******************************************************************************
 195:.\Generated_Source\PSoC4/cyfitter_cfg.c **** * Function Name: AnalogSetDefault
 196:.\Generated_Source\PSoC4/cyfitter_cfg.c **** ********************************************************************************
 197:.\Generated_Source\PSoC4/cyfitter_cfg.c **** *
 198:.\Generated_Source\PSoC4/cyfitter_cfg.c **** * Summary:
 199:.\Generated_Source\PSoC4/cyfitter_cfg.c **** *  Sets up the analog portions of the chip to default values based on chip
 200:.\Generated_Source\PSoC4/cyfitter_cfg.c **** *  configuration options from the project.
 201:.\Generated_Source\PSoC4/cyfitter_cfg.c **** *
 202:.\Generated_Source\PSoC4/cyfitter_cfg.c **** * Parameters:
 203:.\Generated_Source\PSoC4/cyfitter_cfg.c **** *  void
 204:.\Generated_Source\PSoC4/cyfitter_cfg.c **** *
 205:.\Generated_Source\PSoC4/cyfitter_cfg.c **** * Return:
ARM GAS  C:\Users\sunyi\AppData\Local\Temp\ccPIHzqO.s 			page 9


 206:.\Generated_Source\PSoC4/cyfitter_cfg.c **** *  void
 207:.\Generated_Source\PSoC4/cyfitter_cfg.c **** *
 208:.\Generated_Source\PSoC4/cyfitter_cfg.c **** *******************************************************************************/
 209:.\Generated_Source\PSoC4/cyfitter_cfg.c **** static void AnalogSetDefault(void);
 210:.\Generated_Source\PSoC4/cyfitter_cfg.c **** static void AnalogSetDefault(void)
 211:.\Generated_Source\PSoC4/cyfitter_cfg.c **** {
 252              		.loc 1 211 0
 253              		.cfi_startproc
 254 0000 80B5     		push	{r7, lr}
 255              		.cfi_def_cfa_offset 8
 256              		.cfi_offset 7, -8
 257              		.cfi_offset 14, -4
 258 0002 00AF     		add	r7, sp, #0
 259              		.cfi_def_cfa_register 7
 212:.\Generated_Source\PSoC4/cyfitter_cfg.c **** 	CY_SET_XTND_REG32((void CYFAR *)CYREG_CTBM0_DFT_CTRL, 0x00000003u);
 260              		.loc 1 212 0
 261 0004 054B     		ldr	r3, .L8
 262 0006 0322     		mov	r2, #3
 263 0008 1A60     		str	r2, [r3]
 213:.\Generated_Source\PSoC4/cyfitter_cfg.c **** 	CY_SET_XTND_REG32((void CYFAR *)CYREG_CTBM1_DFT_CTRL, 0x00000003u);
 264              		.loc 1 213 0
 265 000a 054B     		ldr	r3, .L8+4
 266 000c 0322     		mov	r2, #3
 267 000e 1A60     		str	r2, [r3]
 214:.\Generated_Source\PSoC4/cyfitter_cfg.c **** 	CY_SET_XTND_REG32((void CYFAR *)CYREG_PASS_DSAB_DSAB_CTRL, 0x00000000u);
 268              		.loc 1 214 0
 269 0010 044B     		ldr	r3, .L8+8
 270 0012 0022     		mov	r2, #0
 271 0014 1A60     		str	r2, [r3]
 215:.\Generated_Source\PSoC4/cyfitter_cfg.c **** }
 272              		.loc 1 215 0
 273 0016 BD46     		mov	sp, r7
 274              		@ sp needed
 275 0018 80BD     		pop	{r7, pc}
 276              	.L9:
 277 001a C046     		.align	2
 278              	.L8:
 279 001c 30003040 		.word	1076887600
 280 0020 30003140 		.word	1076953136
 281 0024 000E3F40 		.word	1077874176
 282              		.cfi_endproc
 283              	.LFE6:
 284              		.size	AnalogSetDefault, .-AnalogSetDefault
 285              		.section	.psocinit
 286              		.align	2
 287              		.global	cyfitter_cfg
 288              		.code	16
 289              		.thumb_func
 290              		.type	cyfitter_cfg, %function
 291              	cyfitter_cfg:
 292              	.LFB7:
 216:.\Generated_Source\PSoC4/cyfitter_cfg.c **** 
 217:.\Generated_Source\PSoC4/cyfitter_cfg.c **** #define CY_AMUX_UNUSED CYREG_CM0_ROM_DWT
 218:.\Generated_Source\PSoC4/cyfitter_cfg.c **** 
 219:.\Generated_Source\PSoC4/cyfitter_cfg.c **** 
 220:.\Generated_Source\PSoC4/cyfitter_cfg.c **** /*******************************************************************************
 221:.\Generated_Source\PSoC4/cyfitter_cfg.c **** * Function Name: cyfitter_cfg
ARM GAS  C:\Users\sunyi\AppData\Local\Temp\ccPIHzqO.s 			page 10


 222:.\Generated_Source\PSoC4/cyfitter_cfg.c **** ********************************************************************************
 223:.\Generated_Source\PSoC4/cyfitter_cfg.c **** * Summary:
 224:.\Generated_Source\PSoC4/cyfitter_cfg.c **** *  This function is called by the start-up code for the selected device. It
 225:.\Generated_Source\PSoC4/cyfitter_cfg.c **** *  performs all of the necessary device configuration based on the design
 226:.\Generated_Source\PSoC4/cyfitter_cfg.c **** *  settings.  This includes settings from the Design Wide Resources (DWR) such
 227:.\Generated_Source\PSoC4/cyfitter_cfg.c **** *  as Clocks and Pins as well as any component configuration that is necessary.
 228:.\Generated_Source\PSoC4/cyfitter_cfg.c **** *
 229:.\Generated_Source\PSoC4/cyfitter_cfg.c **** * Parameters:  
 230:.\Generated_Source\PSoC4/cyfitter_cfg.c **** *   void
 231:.\Generated_Source\PSoC4/cyfitter_cfg.c **** *
 232:.\Generated_Source\PSoC4/cyfitter_cfg.c **** * Return:
 233:.\Generated_Source\PSoC4/cyfitter_cfg.c **** *   void
 234:.\Generated_Source\PSoC4/cyfitter_cfg.c **** *
 235:.\Generated_Source\PSoC4/cyfitter_cfg.c **** *******************************************************************************/
 236:.\Generated_Source\PSoC4/cyfitter_cfg.c **** CY_CFG_SECTION
 237:.\Generated_Source\PSoC4/cyfitter_cfg.c **** void cyfitter_cfg(void)
 238:.\Generated_Source\PSoC4/cyfitter_cfg.c **** {
 293              		.loc 1 238 0
 294              		.cfi_startproc
 295 00d0 80B5     		push	{r7, lr}
 296              		.cfi_def_cfa_offset 8
 297              		.cfi_offset 7, -8
 298              		.cfi_offset 14, -4
 299 00d2 82B0     		sub	sp, sp, #8
 300              		.cfi_def_cfa_offset 16
 301 00d4 00AF     		add	r7, sp, #0
 302              		.cfi_def_cfa_register 7
 239:.\Generated_Source\PSoC4/cyfitter_cfg.c **** 	/* Disable interrupts by default. Let user enable if/when they want. */
 240:.\Generated_Source\PSoC4/cyfitter_cfg.c **** 	CyGlobalIntDisable;
 303              		.loc 1 240 0
 304              	@ 240 ".\Generated_Source\PSoC4\cyfitter_cfg.c" 1
 305 00d6 72B6     		CPSID   i
 306              	@ 0 "" 2
 241:.\Generated_Source\PSoC4/cyfitter_cfg.c **** 
 242:.\Generated_Source\PSoC4/cyfitter_cfg.c **** 	CY_SET_XTND_REG32((void CYFAR *)(CYREG_BLE_BLESS_LL_DSM_CTRL), 0x00000000u);
 307              		.loc 1 242 0
 308              		.code	16
 309 00d8 424B     		ldr	r3, .L13
 310 00da 0022     		mov	r2, #0
 311 00dc 1A60     		str	r2, [r3]
 312              	.LBB2:
 243:.\Generated_Source\PSoC4/cyfitter_cfg.c **** 
 244:.\Generated_Source\PSoC4/cyfitter_cfg.c **** 	{
 245:.\Generated_Source\PSoC4/cyfitter_cfg.c **** 
 246:.\Generated_Source\PSoC4/cyfitter_cfg.c **** 		CYPACKED typedef struct {
 247:.\Generated_Source\PSoC4/cyfitter_cfg.c **** 			void CYFAR *address;
 248:.\Generated_Source\PSoC4/cyfitter_cfg.c **** 			uint16 size;
 249:.\Generated_Source\PSoC4/cyfitter_cfg.c **** 		} CYPACKED_ATTR cfg_memset_t;
 250:.\Generated_Source\PSoC4/cyfitter_cfg.c **** 
 251:.\Generated_Source\PSoC4/cyfitter_cfg.c **** 		static const cfg_memset_t CYCODE cfg_memset_list [] = {
 252:.\Generated_Source\PSoC4/cyfitter_cfg.c **** 			/* address, size */
 253:.\Generated_Source\PSoC4/cyfitter_cfg.c **** 			{(void CYFAR *)(CYDEV_UDB_P0_U0_BASE), 1024u},
 254:.\Generated_Source\PSoC4/cyfitter_cfg.c **** 			{(void CYFAR *)(CYDEV_UDB_DSI0_BASE), 1024u},
 255:.\Generated_Source\PSoC4/cyfitter_cfg.c **** 		};
 256:.\Generated_Source\PSoC4/cyfitter_cfg.c **** 
 257:.\Generated_Source\PSoC4/cyfitter_cfg.c **** 		uint8 CYDATA i;
 258:.\Generated_Source\PSoC4/cyfitter_cfg.c **** 
ARM GAS  C:\Users\sunyi\AppData\Local\Temp\ccPIHzqO.s 			page 11


 259:.\Generated_Source\PSoC4/cyfitter_cfg.c **** 		/* Zero out critical memory blocks before beginning configuration */
 260:.\Generated_Source\PSoC4/cyfitter_cfg.c **** 		for (i = 0u; i < (sizeof(cfg_memset_list)/sizeof(cfg_memset_list[0])); i++)
 313              		.loc 1 260 0
 314 00de FB1D     		add	r3, r7, #7
 315 00e0 0022     		mov	r2, #0
 316 00e2 1A70     		strb	r2, [r3]
 317 00e4 23E0     		b	.L11
 318              	.L12:
 319              	.LBB3:
 261:.\Generated_Source\PSoC4/cyfitter_cfg.c **** 		{
 262:.\Generated_Source\PSoC4/cyfitter_cfg.c **** 			const cfg_memset_t CYCODE * CYDATA ms = &cfg_memset_list[i];
 320              		.loc 1 262 0 discriminator 3
 321 00e6 FB1D     		add	r3, r7, #7
 322 00e8 1A78     		ldrb	r2, [r3]
 323 00ea 131C     		mov	r3, r2
 324 00ec 5B00     		lsl	r3, r3, #1
 325 00ee 9B18     		add	r3, r3, r2
 326 00f0 5B00     		lsl	r3, r3, #1
 327 00f2 3D4A     		ldr	r2, .L13+4
 328 00f4 9B18     		add	r3, r3, r2
 329 00f6 3B60     		str	r3, [r7]
 263:.\Generated_Source\PSoC4/cyfitter_cfg.c **** 			CYMEMZERO(ms->address, (size_t)(uint32)(ms->size));
 330              		.loc 1 263 0 discriminator 3
 331 00f8 3B68     		ldr	r3, [r7]
 332 00fa 1A78     		ldrb	r2, [r3]
 333 00fc 5978     		ldrb	r1, [r3, #1]
 334 00fe 0902     		lsl	r1, r1, #8
 335 0100 0A43     		orr	r2, r1
 336 0102 9978     		ldrb	r1, [r3, #2]
 337 0104 0904     		lsl	r1, r1, #16
 338 0106 0A43     		orr	r2, r1
 339 0108 DB78     		ldrb	r3, [r3, #3]
 340 010a 1B06     		lsl	r3, r3, #24
 341 010c 1343     		orr	r3, r2
 342 010e 191C     		mov	r1, r3
 343 0110 3B68     		ldr	r3, [r7]
 344 0112 1A79     		ldrb	r2, [r3, #4]
 345 0114 5B79     		ldrb	r3, [r3, #5]
 346 0116 1B02     		lsl	r3, r3, #8
 347 0118 1343     		orr	r3, r2
 348 011a 9BB2     		uxth	r3, r3
 349 011c 081C     		mov	r0, r1
 350 011e 191C     		mov	r1, r3
 351 0120 FFF7FEFF 		bl	CYMEMZERO
 352              	.LBE3:
 260:.\Generated_Source\PSoC4/cyfitter_cfg.c **** 		{
 353              		.loc 1 260 0 discriminator 3
 354 0124 FB1D     		add	r3, r7, #7
 355 0126 1A78     		ldrb	r2, [r3]
 356 0128 FB1D     		add	r3, r7, #7
 357 012a 0132     		add	r2, r2, #1
 358 012c 1A70     		strb	r2, [r3]
 359              	.L11:
 260:.\Generated_Source\PSoC4/cyfitter_cfg.c **** 		{
 360              		.loc 1 260 0 is_stmt 0 discriminator 1
 361 012e FB1D     		add	r3, r7, #7
 362 0130 1B78     		ldrb	r3, [r3]
ARM GAS  C:\Users\sunyi\AppData\Local\Temp\ccPIHzqO.s 			page 12


 363 0132 012B     		cmp	r3, #1
 364 0134 D7D9     		bls	.L12
 264:.\Generated_Source\PSoC4/cyfitter_cfg.c **** 		}
 265:.\Generated_Source\PSoC4/cyfitter_cfg.c **** 
 266:.\Generated_Source\PSoC4/cyfitter_cfg.c **** 		/* HSIOM Starting address: CYDEV_HSIOM_BASE */
 267:.\Generated_Source\PSoC4/cyfitter_cfg.c **** 		CY_SET_XTND_REG32((void CYFAR *)(CYDEV_HSIOM_BASE), 0xEE000000u);
 365              		.loc 1 267 0 is_stmt 1
 366 0136 2D4B     		ldr	r3, .L13+8
 367 0138 EE22     		mov	r2, #238
 368 013a 1206     		lsl	r2, r2, #24
 369 013c 1A60     		str	r2, [r3]
 268:.\Generated_Source\PSoC4/cyfitter_cfg.c **** 		CY_SET_XTND_REG32((void CYFAR *)(CYREG_HSIOM_PORT_SEL1), 0x00990000u);
 370              		.loc 1 268 0
 371 013e 2C4B     		ldr	r3, .L13+12
 372 0140 9922     		mov	r2, #153
 373 0142 1204     		lsl	r2, r2, #16
 374 0144 1A60     		str	r2, [r3]
 269:.\Generated_Source\PSoC4/cyfitter_cfg.c **** 
 270:.\Generated_Source\PSoC4/cyfitter_cfg.c **** 		/* UDB_PA_0 Starting address: CYDEV_UDB_PA0_BASE */
 271:.\Generated_Source\PSoC4/cyfitter_cfg.c **** 		CY_SET_XTND_REG32((void CYFAR *)(CYDEV_UDB_PA0_BASE), 0x00990000u);
 375              		.loc 1 271 0
 376 0146 2B4B     		ldr	r3, .L13+16
 377 0148 9922     		mov	r2, #153
 378 014a 1204     		lsl	r2, r2, #16
 379 014c 1A60     		str	r2, [r3]
 272:.\Generated_Source\PSoC4/cyfitter_cfg.c **** 
 273:.\Generated_Source\PSoC4/cyfitter_cfg.c **** 		/* UDB_PA_1 Starting address: CYDEV_UDB_PA1_BASE */
 274:.\Generated_Source\PSoC4/cyfitter_cfg.c **** 		CY_SET_XTND_REG32((void CYFAR *)(CYDEV_UDB_PA1_BASE), 0x00990000u);
 380              		.loc 1 274 0
 381 014e 2A4B     		ldr	r3, .L13+20
 382 0150 9922     		mov	r2, #153
 383 0152 1204     		lsl	r2, r2, #16
 384 0154 1A60     		str	r2, [r3]
 275:.\Generated_Source\PSoC4/cyfitter_cfg.c **** 
 276:.\Generated_Source\PSoC4/cyfitter_cfg.c **** 		/* UDB_PA_2 Starting address: CYDEV_UDB_PA2_BASE */
 277:.\Generated_Source\PSoC4/cyfitter_cfg.c **** 		CY_SET_XTND_REG32((void CYFAR *)(CYDEV_UDB_PA2_BASE), 0x00990000u);
 385              		.loc 1 277 0
 386 0156 294B     		ldr	r3, .L13+24
 387 0158 9922     		mov	r2, #153
 388 015a 1204     		lsl	r2, r2, #16
 389 015c 1A60     		str	r2, [r3]
 278:.\Generated_Source\PSoC4/cyfitter_cfg.c **** 
 279:.\Generated_Source\PSoC4/cyfitter_cfg.c **** 		/* UDB_PA_3 Starting address: CYDEV_UDB_PA3_BASE */
 280:.\Generated_Source\PSoC4/cyfitter_cfg.c **** 		CY_SET_XTND_REG32((void CYFAR *)(CYDEV_UDB_PA3_BASE), 0x00990000u);
 390              		.loc 1 280 0
 391 015e 284B     		ldr	r3, .L13+28
 392 0160 9922     		mov	r2, #153
 393 0162 1204     		lsl	r2, r2, #16
 394 0164 1A60     		str	r2, [r3]
 281:.\Generated_Source\PSoC4/cyfitter_cfg.c **** 
 282:.\Generated_Source\PSoC4/cyfitter_cfg.c **** 		/* Enable digital routing */
 283:.\Generated_Source\PSoC4/cyfitter_cfg.c **** 		CY_SET_XTND_REG8((void *)CYREG_UDB_UDBIF_BANK_CTL, CY_GET_XTND_REG8((void *)CYREG_UDB_UDBIF_BANK_
 395              		.loc 1 283 0
 396 0166 274A     		ldr	r2, .L13+32
 397 0168 264B     		ldr	r3, .L13+32
 398 016a 1B78     		ldrb	r3, [r3]
 399 016c DBB2     		uxtb	r3, r3
ARM GAS  C:\Users\sunyi\AppData\Local\Temp\ccPIHzqO.s 			page 13


 400 016e 0221     		mov	r1, #2
 401 0170 0B43     		orr	r3, r1
 402 0172 DBB2     		uxtb	r3, r3
 403 0174 1370     		strb	r3, [r2]
 284:.\Generated_Source\PSoC4/cyfitter_cfg.c **** 
 285:.\Generated_Source\PSoC4/cyfitter_cfg.c **** 		/* Enable UDB array */
 286:.\Generated_Source\PSoC4/cyfitter_cfg.c **** 		CY_SET_XTND_REG8((void *)CYREG_UDB_UDBIF_WAIT_CFG, (uint8)((CY_GET_XTND_REG8((void *)CYREG_UDB_UD
 404              		.loc 1 286 0
 405 0176 244A     		ldr	r2, .L13+36
 406 0178 234B     		ldr	r3, .L13+36
 407 017a 1B78     		ldrb	r3, [r3]
 408 017c DBB2     		uxtb	r3, r3
 409 017e 3C21     		mov	r1, #60
 410 0180 8B43     		bic	r3, r1
 411 0182 DBB2     		uxtb	r3, r3
 412 0184 1421     		mov	r1, #20
 413 0186 0B43     		orr	r3, r1
 414 0188 DBB2     		uxtb	r3, r3
 415 018a 1370     		strb	r3, [r2]
 287:.\Generated_Source\PSoC4/cyfitter_cfg.c **** 		CY_SET_XTND_REG8((void *)CYREG_UDB_UDBIF_BANK_CTL, (uint8)(CY_GET_XTND_REG8((void *)CYREG_UDB_UDB
 416              		.loc 1 287 0
 417 018c 1D4A     		ldr	r2, .L13+32
 418 018e 1D4B     		ldr	r3, .L13+32
 419 0190 1B78     		ldrb	r3, [r3]
 420 0192 DBB2     		uxtb	r3, r3
 421 0194 1621     		mov	r1, #22
 422 0196 0B43     		orr	r3, r1
 423 0198 DBB2     		uxtb	r3, r3
 424 019a 1370     		strb	r3, [r2]
 425              	.LBE2:
 288:.\Generated_Source\PSoC4/cyfitter_cfg.c **** 	}
 289:.\Generated_Source\PSoC4/cyfitter_cfg.c **** 
 290:.\Generated_Source\PSoC4/cyfitter_cfg.c **** 	/* Perform second pass device configuration. These items must be configured in specific order afte
 291:.\Generated_Source\PSoC4/cyfitter_cfg.c **** 	/* IOPINS0_0 Starting address: CYDEV_GPIO_PRT0_BASE */
 292:.\Generated_Source\PSoC4/cyfitter_cfg.c **** 	CY_SET_XTND_REG32((void CYFAR *)(CYREG_GPIO_PRT0_PC), 0x00D80000u);
 426              		.loc 1 292 0
 427 019c 1B4B     		ldr	r3, .L13+40
 428 019e D822     		mov	r2, #216
 429 01a0 1204     		lsl	r2, r2, #16
 430 01a2 1A60     		str	r2, [r3]
 293:.\Generated_Source\PSoC4/cyfitter_cfg.c **** 
 294:.\Generated_Source\PSoC4/cyfitter_cfg.c **** 	/* IOPINS0_1 Starting address: CYDEV_GPIO_PRT1_BASE */
 295:.\Generated_Source\PSoC4/cyfitter_cfg.c **** 	CY_SET_XTND_REG32((void CYFAR *)(CYDEV_GPIO_PRT1_BASE), 0x00000020u);
 431              		.loc 1 295 0
 432 01a4 1A4B     		ldr	r3, .L13+44
 433 01a6 2022     		mov	r2, #32
 434 01a8 1A60     		str	r2, [r3]
 296:.\Generated_Source\PSoC4/cyfitter_cfg.c **** 	CY_SET_XTND_REG32((void CYFAR *)(CYREG_GPIO_PRT1_PC), 0x00031000u);
 435              		.loc 1 296 0
 436 01aa 1A4B     		ldr	r3, .L13+48
 437 01ac C422     		mov	r2, #196
 438 01ae 9202     		lsl	r2, r2, #10
 439 01b0 1A60     		str	r2, [r3]
 297:.\Generated_Source\PSoC4/cyfitter_cfg.c **** 	CY_SET_XTND_REG32((void CYFAR *)(CYREG_GPIO_PRT1_PC2), 0x00000020u);
 440              		.loc 1 297 0
 441 01b2 194B     		ldr	r3, .L13+52
 442 01b4 2022     		mov	r2, #32
ARM GAS  C:\Users\sunyi\AppData\Local\Temp\ccPIHzqO.s 			page 14


 443 01b6 1A60     		str	r2, [r3]
 298:.\Generated_Source\PSoC4/cyfitter_cfg.c **** 
 299:.\Generated_Source\PSoC4/cyfitter_cfg.c **** 	/* IOPINS0_2 Starting address: CYDEV_GPIO_PRT2_BASE */
 300:.\Generated_Source\PSoC4/cyfitter_cfg.c **** 	CY_SET_XTND_REG32((void CYFAR *)(CYDEV_GPIO_PRT2_BASE), 0x00000080u);
 444              		.loc 1 300 0
 445 01b8 184B     		ldr	r3, .L13+56
 446 01ba 8022     		mov	r2, #128
 447 01bc 1A60     		str	r2, [r3]
 301:.\Generated_Source\PSoC4/cyfitter_cfg.c **** 	CY_SET_XTND_REG32((void CYFAR *)(CYREG_GPIO_PRT2_PC), 0x00580000u);
 448              		.loc 1 301 0
 449 01be 184B     		ldr	r3, .L13+60
 450 01c0 B022     		mov	r2, #176
 451 01c2 D203     		lsl	r2, r2, #15
 452 01c4 1A60     		str	r2, [r3]
 302:.\Generated_Source\PSoC4/cyfitter_cfg.c **** 	CY_SET_XTND_REG32((void CYFAR *)(CYREG_GPIO_PRT2_INTR_CFG), 0x00004000u);
 453              		.loc 1 302 0
 454 01c6 174B     		ldr	r3, .L13+64
 455 01c8 8022     		mov	r2, #128
 456 01ca D201     		lsl	r2, r2, #7
 457 01cc 1A60     		str	r2, [r3]
 303:.\Generated_Source\PSoC4/cyfitter_cfg.c **** 
 304:.\Generated_Source\PSoC4/cyfitter_cfg.c **** 	/* IOPINS0_3 Starting address: CYDEV_GPIO_PRT3_BASE */
 305:.\Generated_Source\PSoC4/cyfitter_cfg.c **** 	CY_SET_XTND_REG32((void CYFAR *)(CYREG_GPIO_PRT3_PC), 0x00D80000u);
 458              		.loc 1 305 0
 459 01ce 164B     		ldr	r3, .L13+68
 460 01d0 D822     		mov	r2, #216
 461 01d2 1204     		lsl	r2, r2, #16
 462 01d4 1A60     		str	r2, [r3]
 306:.\Generated_Source\PSoC4/cyfitter_cfg.c **** 
 307:.\Generated_Source\PSoC4/cyfitter_cfg.c **** 
 308:.\Generated_Source\PSoC4/cyfitter_cfg.c **** 	/* Setup clocks based on selections from Clock DWR */
 309:.\Generated_Source\PSoC4/cyfitter_cfg.c **** 	ClockSetup();
 463              		.loc 1 309 0
 464 01d6 FFF713FF 		bl	ClockSetup
 310:.\Generated_Source\PSoC4/cyfitter_cfg.c **** 
 311:.\Generated_Source\PSoC4/cyfitter_cfg.c **** 	/* Perform basic analog initialization to defaults */
 312:.\Generated_Source\PSoC4/cyfitter_cfg.c **** 	AnalogSetDefault();
 465              		.loc 1 312 0
 466 01da FFF7FEFF 		bl	AnalogSetDefault
 313:.\Generated_Source\PSoC4/cyfitter_cfg.c **** 
 314:.\Generated_Source\PSoC4/cyfitter_cfg.c **** }
 467              		.loc 1 314 0
 468 01de BD46     		mov	sp, r7
 469 01e0 02B0     		add	sp, sp, #8
 470              		@ sp needed
 471 01e2 80BD     		pop	{r7, pc}
 472              	.L14:
 473              		.align	2
 474              	.L13:
 475 01e4 6CF02E40 		.word	1076818028
 476 01e8 00000000 		.word	cfg_memset_list.4758
 477 01ec 00000240 		.word	1073872896
 478 01f0 00010240 		.word	1073873152
 479 01f4 00500F40 		.word	1074745344
 480 01f8 10500F40 		.word	1074745360
 481 01fc 20500F40 		.word	1074745376
 482 0200 30500F40 		.word	1074745392
ARM GAS  C:\Users\sunyi\AppData\Local\Temp\ccPIHzqO.s 			page 15


 483 0204 00700F40 		.word	1074753536
 484 0208 01700F40 		.word	1074753537
 485 020c 08000440 		.word	1074003976
 486 0210 00010440 		.word	1074004224
 487 0214 08010440 		.word	1074004232
 488 0218 18010440 		.word	1074004248
 489 021c 00020440 		.word	1074004480
 490 0220 08020440 		.word	1074004488
 491 0224 0C020440 		.word	1074004492
 492 0228 08030440 		.word	1074004744
 493              		.cfi_endproc
 494              	.LFE7:
 495              		.size	cyfitter_cfg, .-cyfitter_cfg
 496              		.section	.rodata
 497              		.align	2
 498              		.type	cfg_memset_list.4758, %object
 499              		.size	cfg_memset_list.4758, 12
 500              	cfg_memset_list.4758:
 501 0000 00300F40 		.word	1074737152
 502 0004 0004     		.short	1024
 503 0006 00400F40 		.4byte	1074741248
 504 000a 0004     		.short	1024
 505              		.text
 506              	.Letext0:
 507              		.file 2 "c:\\9047software\\psoc creator\\3.3\\psoc creator\\import\\gnu\\arm\\4.9.3\\lib\\gcc\\arm
 508              		.file 3 ".\\Generated_Source\\PSoC4\\cytypes.h"
 509              		.section	.debug_info,"",%progbits
 510              	.Ldebug_info0:
 511 0000 48020000 		.4byte	0x248
 512 0004 0400     		.2byte	0x4
 513 0006 00000000 		.4byte	.Ldebug_abbrev0
 514 000a 04       		.byte	0x4
 515 000b 01       		.uleb128 0x1
 516 000c DE000000 		.4byte	.LASF29
 517 0010 01       		.byte	0x1
 518 0011 B3010000 		.4byte	.LASF30
 519 0015 39000000 		.4byte	.LASF31
 520 0019 00000000 		.4byte	.Ldebug_ranges0+0
 521 001d 00000000 		.4byte	0
 522 0021 00000000 		.4byte	.Ldebug_line0
 523 0025 02       		.uleb128 0x2
 524 0026 04       		.byte	0x4
 525 0027 05       		.byte	0x5
 526 0028 696E7400 		.ascii	"int\000"
 527 002c 03       		.uleb128 0x3
 528 002d 06000000 		.4byte	.LASF11
 529 0031 02       		.byte	0x2
 530 0032 D4       		.byte	0xd4
 531 0033 37000000 		.4byte	0x37
 532 0037 04       		.uleb128 0x4
 533 0038 04       		.byte	0x4
 534 0039 07       		.byte	0x7
 535 003a 7A010000 		.4byte	.LASF0
 536 003e 04       		.uleb128 0x4
 537 003f 01       		.byte	0x1
 538 0040 06       		.byte	0x6
 539 0041 0A020000 		.4byte	.LASF1
ARM GAS  C:\Users\sunyi\AppData\Local\Temp\ccPIHzqO.s 			page 16


 540 0045 04       		.uleb128 0x4
 541 0046 01       		.byte	0x1
 542 0047 08       		.byte	0x8
 543 0048 BC000000 		.4byte	.LASF2
 544 004c 04       		.uleb128 0x4
 545 004d 02       		.byte	0x2
 546 004e 05       		.byte	0x5
 547 004f F7010000 		.4byte	.LASF3
 548 0053 04       		.uleb128 0x4
 549 0054 02       		.byte	0x2
 550 0055 07       		.byte	0x7
 551 0056 72000000 		.4byte	.LASF4
 552 005a 04       		.uleb128 0x4
 553 005b 04       		.byte	0x4
 554 005c 05       		.byte	0x5
 555 005d 01020000 		.4byte	.LASF5
 556 0061 04       		.uleb128 0x4
 557 0062 04       		.byte	0x4
 558 0063 07       		.byte	0x7
 559 0064 9A000000 		.4byte	.LASF6
 560 0068 04       		.uleb128 0x4
 561 0069 08       		.byte	0x8
 562 006a 05       		.byte	0x5
 563 006b E4010000 		.4byte	.LASF7
 564 006f 04       		.uleb128 0x4
 565 0070 08       		.byte	0x8
 566 0071 07       		.byte	0x7
 567 0072 8F010000 		.4byte	.LASF8
 568 0076 04       		.uleb128 0x4
 569 0077 04       		.byte	0x4
 570 0078 07       		.byte	0x7
 571 0079 DB010000 		.4byte	.LASF9
 572 007d 05       		.uleb128 0x5
 573 007e 04       		.byte	0x4
 574 007f 04       		.uleb128 0x4
 575 0080 01       		.byte	0x1
 576 0081 08       		.byte	0x8
 577 0082 F2010000 		.4byte	.LASF10
 578 0086 06       		.uleb128 0x6
 579 0087 AC000000 		.4byte	.LASF12
 580 008b 03       		.byte	0x3
 581 008c 9801     		.2byte	0x198
 582 008e 45000000 		.4byte	0x45
 583 0092 06       		.uleb128 0x6
 584 0093 6C010000 		.4byte	.LASF13
 585 0097 03       		.byte	0x3
 586 0098 9901     		.2byte	0x199
 587 009a 53000000 		.4byte	0x53
 588 009e 06       		.uleb128 0x6
 589 009f 73010000 		.4byte	.LASF14
 590 00a3 03       		.byte	0x3
 591 00a4 9A01     		.2byte	0x19a
 592 00a6 61000000 		.4byte	0x61
 593 00aa 04       		.uleb128 0x4
 594 00ab 04       		.byte	0x4
 595 00ac 04       		.byte	0x4
 596 00ad 85000000 		.4byte	.LASF15
ARM GAS  C:\Users\sunyi\AppData\Local\Temp\ccPIHzqO.s 			page 17


 597 00b1 04       		.uleb128 0x4
 598 00b2 08       		.byte	0x8
 599 00b3 04       		.byte	0x4
 600 00b4 CA000000 		.4byte	.LASF16
 601 00b8 06       		.uleb128 0x6
 602 00b9 95000000 		.4byte	.LASF17
 603 00bd 03       		.byte	0x3
 604 00be 4202     		.2byte	0x242
 605 00c0 C4000000 		.4byte	0xc4
 606 00c4 07       		.uleb128 0x7
 607 00c5 86000000 		.4byte	0x86
 608 00c9 06       		.uleb128 0x6
 609 00ca 00000000 		.4byte	.LASF18
 610 00ce 03       		.byte	0x3
 611 00cf 4402     		.2byte	0x244
 612 00d1 D5000000 		.4byte	0xd5
 613 00d5 07       		.uleb128 0x7
 614 00d6 9E000000 		.4byte	0x9e
 615 00da 08       		.uleb128 0x8
 616 00db B2000000 		.4byte	.LASF19
 617 00df 01       		.byte	0x1
 618 00e0 3C       		.byte	0x3c
 619 00e1 00000000 		.4byte	.LFB2
 620 00e5 1E000000 		.4byte	.LFE2-.LFB2
 621 00e9 01       		.uleb128 0x1
 622 00ea 9C       		.byte	0x9c
 623 00eb 08010000 		.4byte	0x108
 624 00ef 09       		.uleb128 0x9
 625 00f0 7300     		.ascii	"s\000"
 626 00f2 01       		.byte	0x1
 627 00f3 3C       		.byte	0x3c
 628 00f4 7D000000 		.4byte	0x7d
 629 00f8 02       		.uleb128 0x2
 630 00f9 91       		.byte	0x91
 631 00fa 74       		.sleb128 -12
 632 00fb 09       		.uleb128 0x9
 633 00fc 6E00     		.ascii	"n\000"
 634 00fe 01       		.byte	0x1
 635 00ff 3C       		.byte	0x3c
 636 0100 2C000000 		.4byte	0x2c
 637 0104 02       		.uleb128 0x2
 638 0105 91       		.byte	0x91
 639 0106 70       		.sleb128 -16
 640 0107 00       		.byte	0
 641 0108 08       		.uleb128 0x8
 642 0109 26020000 		.4byte	.LASF20
 643 010d 01       		.byte	0x1
 644 010e 43       		.byte	0x43
 645 010f 00000000 		.4byte	.LFB3
 646 0113 22000000 		.4byte	.LFE3-.LFB3
 647 0117 01       		.uleb128 0x1
 648 0118 9C       		.byte	0x9c
 649 0119 46010000 		.4byte	0x146
 650 011d 0A       		.uleb128 0xa
 651 011e 8B000000 		.4byte	.LASF21
 652 0122 01       		.byte	0x1
 653 0123 43       		.byte	0x43
ARM GAS  C:\Users\sunyi\AppData\Local\Temp\ccPIHzqO.s 			page 18


 654 0124 7D000000 		.4byte	0x7d
 655 0128 02       		.uleb128 0x2
 656 0129 91       		.byte	0x91
 657 012a 74       		.sleb128 -12
 658 012b 09       		.uleb128 0x9
 659 012c 73726300 		.ascii	"src\000"
 660 0130 01       		.byte	0x1
 661 0131 43       		.byte	0x43
 662 0132 46010000 		.4byte	0x146
 663 0136 02       		.uleb128 0x2
 664 0137 91       		.byte	0x91
 665 0138 70       		.sleb128 -16
 666 0139 09       		.uleb128 0x9
 667 013a 6E00     		.ascii	"n\000"
 668 013c 01       		.byte	0x1
 669 013d 43       		.byte	0x43
 670 013e 2C000000 		.4byte	0x2c
 671 0142 02       		.uleb128 0x2
 672 0143 91       		.byte	0x91
 673 0144 6C       		.sleb128 -20
 674 0145 00       		.byte	0
 675 0146 0B       		.uleb128 0xb
 676 0147 04       		.byte	0x4
 677 0148 4C010000 		.4byte	0x14c
 678 014c 0C       		.uleb128 0xc
 679 014d 08       		.uleb128 0x8
 680 014e 16020000 		.4byte	.LASF22
 681 0152 01       		.byte	0x1
 682 0153 4A       		.byte	0x4a
 683 0154 00000000 		.4byte	.LFB4
 684 0158 22000000 		.4byte	.LFE4-.LFB4
 685 015c 01       		.uleb128 0x1
 686 015d 9C       		.byte	0x9c
 687 015e 8B010000 		.4byte	0x18b
 688 0162 0A       		.uleb128 0xa
 689 0163 8B000000 		.4byte	.LASF21
 690 0167 01       		.byte	0x1
 691 0168 4A       		.byte	0x4a
 692 0169 7D000000 		.4byte	0x7d
 693 016d 02       		.uleb128 0x2
 694 016e 91       		.byte	0x91
 695 016f 74       		.sleb128 -12
 696 0170 09       		.uleb128 0x9
 697 0171 73726300 		.ascii	"src\000"
 698 0175 01       		.byte	0x1
 699 0176 4A       		.byte	0x4a
 700 0177 46010000 		.4byte	0x146
 701 017b 02       		.uleb128 0x2
 702 017c 91       		.byte	0x91
 703 017d 70       		.sleb128 -16
 704 017e 09       		.uleb128 0x9
 705 017f 6E00     		.ascii	"n\000"
 706 0181 01       		.byte	0x1
 707 0182 4A       		.byte	0x4a
 708 0183 2C000000 		.4byte	0x2c
 709 0187 02       		.uleb128 0x2
 710 0188 91       		.byte	0x91
ARM GAS  C:\Users\sunyi\AppData\Local\Temp\ccPIHzqO.s 			page 19


 711 0189 6C       		.sleb128 -20
 712 018a 00       		.byte	0
 713 018b 0D       		.uleb128 0xd
 714 018c 2E000000 		.4byte	.LASF23
 715 0190 01       		.byte	0x1
 716 0191 91       		.byte	0x91
 717 0192 00000000 		.4byte	.LFB5
 718 0196 D0000000 		.4byte	.LFE5-.LFB5
 719 019a 01       		.uleb128 0x1
 720 019b 9C       		.byte	0x9c
 721 019c 0E       		.uleb128 0xe
 722 019d 0D000000 		.4byte	.LASF24
 723 01a1 01       		.byte	0x1
 724 01a2 D2       		.byte	0xd2
 725 01a3 00000000 		.4byte	.LFB6
 726 01a7 28000000 		.4byte	.LFE6-.LFB6
 727 01ab 01       		.uleb128 0x1
 728 01ac 9C       		.byte	0x9c
 729 01ad 0F       		.uleb128 0xf
 730 01ae D1000000 		.4byte	.LASF32
 731 01b2 01       		.byte	0x1
 732 01b3 ED       		.byte	0xed
 733 01b4 D0000000 		.4byte	.LFB7
 734 01b8 5C010000 		.4byte	.LFE7-.LFB7
 735 01bc 01       		.uleb128 0x1
 736 01bd 9C       		.byte	0x9c
 737 01be 10       		.uleb128 0x10
 738 01bf DE000000 		.4byte	.LBB2
 739 01c3 BE000000 		.4byte	.LBE2-.LBB2
 740 01c7 11       		.uleb128 0x11
 741 01c8 06       		.byte	0x6
 742 01c9 01       		.byte	0x1
 743 01ca F6       		.byte	0xf6
 744 01cb E8010000 		.4byte	0x1e8
 745 01cf 12       		.uleb128 0x12
 746 01d0 87010000 		.4byte	.LASF25
 747 01d4 01       		.byte	0x1
 748 01d5 F7       		.byte	0xf7
 749 01d6 7D000000 		.4byte	0x7d
 750 01da 00       		.byte	0
 751 01db 12       		.uleb128 0x12
 752 01dc 90000000 		.4byte	.LASF26
 753 01e0 01       		.byte	0x1
 754 01e1 F8       		.byte	0xf8
 755 01e2 92000000 		.4byte	0x92
 756 01e6 04       		.byte	0x4
 757 01e7 00       		.byte	0
 758 01e8 03       		.uleb128 0x3
 759 01e9 A6010000 		.4byte	.LASF27
 760 01ed 01       		.byte	0x1
 761 01ee F9       		.byte	0xf9
 762 01ef C7010000 		.4byte	0x1c7
 763 01f3 13       		.uleb128 0x13
 764 01f4 E8010000 		.4byte	0x1e8
 765 01f8 03020000 		.4byte	0x203
 766 01fc 14       		.uleb128 0x14
 767 01fd 76000000 		.4byte	0x76
ARM GAS  C:\Users\sunyi\AppData\Local\Temp\ccPIHzqO.s 			page 20


 768 0201 01       		.byte	0x1
 769 0202 00       		.byte	0
 770 0203 15       		.uleb128 0x15
 771 0204 1E000000 		.4byte	.LASF28
 772 0208 01       		.byte	0x1
 773 0209 FB       		.byte	0xfb
 774 020a 14020000 		.4byte	0x214
 775 020e 05       		.uleb128 0x5
 776 020f 03       		.byte	0x3
 777 0210 00000000 		.4byte	cfg_memset_list.4758
 778 0214 16       		.uleb128 0x16
 779 0215 F3010000 		.4byte	0x1f3
 780 0219 17       		.uleb128 0x17
 781 021a 6900     		.ascii	"i\000"
 782 021c 01       		.byte	0x1
 783 021d 0101     		.2byte	0x101
 784 021f 86000000 		.4byte	0x86
 785 0223 02       		.uleb128 0x2
 786 0224 91       		.byte	0x91
 787 0225 77       		.sleb128 -9
 788 0226 10       		.uleb128 0x10
 789 0227 E6000000 		.4byte	.LBB3
 790 022b 3E000000 		.4byte	.LBE3-.LBB3
 791 022f 17       		.uleb128 0x17
 792 0230 6D7300   		.ascii	"ms\000"
 793 0233 01       		.byte	0x1
 794 0234 0601     		.2byte	0x106
 795 0236 3D020000 		.4byte	0x23d
 796 023a 02       		.uleb128 0x2
 797 023b 91       		.byte	0x91
 798 023c 70       		.sleb128 -16
 799 023d 0B       		.uleb128 0xb
 800 023e 04       		.byte	0x4
 801 023f 43020000 		.4byte	0x243
 802 0243 16       		.uleb128 0x16
 803 0244 E8010000 		.4byte	0x1e8
 804 0248 00       		.byte	0
 805 0249 00       		.byte	0
 806 024a 00       		.byte	0
 807 024b 00       		.byte	0
 808              		.section	.debug_abbrev,"",%progbits
 809              	.Ldebug_abbrev0:
 810 0000 01       		.uleb128 0x1
 811 0001 11       		.uleb128 0x11
 812 0002 01       		.byte	0x1
 813 0003 25       		.uleb128 0x25
 814 0004 0E       		.uleb128 0xe
 815 0005 13       		.uleb128 0x13
 816 0006 0B       		.uleb128 0xb
 817 0007 03       		.uleb128 0x3
 818 0008 0E       		.uleb128 0xe
 819 0009 1B       		.uleb128 0x1b
 820 000a 0E       		.uleb128 0xe
 821 000b 55       		.uleb128 0x55
 822 000c 17       		.uleb128 0x17
 823 000d 11       		.uleb128 0x11
 824 000e 01       		.uleb128 0x1
ARM GAS  C:\Users\sunyi\AppData\Local\Temp\ccPIHzqO.s 			page 21


 825 000f 10       		.uleb128 0x10
 826 0010 17       		.uleb128 0x17
 827 0011 00       		.byte	0
 828 0012 00       		.byte	0
 829 0013 02       		.uleb128 0x2
 830 0014 24       		.uleb128 0x24
 831 0015 00       		.byte	0
 832 0016 0B       		.uleb128 0xb
 833 0017 0B       		.uleb128 0xb
 834 0018 3E       		.uleb128 0x3e
 835 0019 0B       		.uleb128 0xb
 836 001a 03       		.uleb128 0x3
 837 001b 08       		.uleb128 0x8
 838 001c 00       		.byte	0
 839 001d 00       		.byte	0
 840 001e 03       		.uleb128 0x3
 841 001f 16       		.uleb128 0x16
 842 0020 00       		.byte	0
 843 0021 03       		.uleb128 0x3
 844 0022 0E       		.uleb128 0xe
 845 0023 3A       		.uleb128 0x3a
 846 0024 0B       		.uleb128 0xb
 847 0025 3B       		.uleb128 0x3b
 848 0026 0B       		.uleb128 0xb
 849 0027 49       		.uleb128 0x49
 850 0028 13       		.uleb128 0x13
 851 0029 00       		.byte	0
 852 002a 00       		.byte	0
 853 002b 04       		.uleb128 0x4
 854 002c 24       		.uleb128 0x24
 855 002d 00       		.byte	0
 856 002e 0B       		.uleb128 0xb
 857 002f 0B       		.uleb128 0xb
 858 0030 3E       		.uleb128 0x3e
 859 0031 0B       		.uleb128 0xb
 860 0032 03       		.uleb128 0x3
 861 0033 0E       		.uleb128 0xe
 862 0034 00       		.byte	0
 863 0035 00       		.byte	0
 864 0036 05       		.uleb128 0x5
 865 0037 0F       		.uleb128 0xf
 866 0038 00       		.byte	0
 867 0039 0B       		.uleb128 0xb
 868 003a 0B       		.uleb128 0xb
 869 003b 00       		.byte	0
 870 003c 00       		.byte	0
 871 003d 06       		.uleb128 0x6
 872 003e 16       		.uleb128 0x16
 873 003f 00       		.byte	0
 874 0040 03       		.uleb128 0x3
 875 0041 0E       		.uleb128 0xe
 876 0042 3A       		.uleb128 0x3a
 877 0043 0B       		.uleb128 0xb
 878 0044 3B       		.uleb128 0x3b
 879 0045 05       		.uleb128 0x5
 880 0046 49       		.uleb128 0x49
 881 0047 13       		.uleb128 0x13
ARM GAS  C:\Users\sunyi\AppData\Local\Temp\ccPIHzqO.s 			page 22


 882 0048 00       		.byte	0
 883 0049 00       		.byte	0
 884 004a 07       		.uleb128 0x7
 885 004b 35       		.uleb128 0x35
 886 004c 00       		.byte	0
 887 004d 49       		.uleb128 0x49
 888 004e 13       		.uleb128 0x13
 889 004f 00       		.byte	0
 890 0050 00       		.byte	0
 891 0051 08       		.uleb128 0x8
 892 0052 2E       		.uleb128 0x2e
 893 0053 01       		.byte	0x1
 894 0054 03       		.uleb128 0x3
 895 0055 0E       		.uleb128 0xe
 896 0056 3A       		.uleb128 0x3a
 897 0057 0B       		.uleb128 0xb
 898 0058 3B       		.uleb128 0x3b
 899 0059 0B       		.uleb128 0xb
 900 005a 27       		.uleb128 0x27
 901 005b 19       		.uleb128 0x19
 902 005c 11       		.uleb128 0x11
 903 005d 01       		.uleb128 0x1
 904 005e 12       		.uleb128 0x12
 905 005f 06       		.uleb128 0x6
 906 0060 40       		.uleb128 0x40
 907 0061 18       		.uleb128 0x18
 908 0062 9642     		.uleb128 0x2116
 909 0064 19       		.uleb128 0x19
 910 0065 01       		.uleb128 0x1
 911 0066 13       		.uleb128 0x13
 912 0067 00       		.byte	0
 913 0068 00       		.byte	0
 914 0069 09       		.uleb128 0x9
 915 006a 05       		.uleb128 0x5
 916 006b 00       		.byte	0
 917 006c 03       		.uleb128 0x3
 918 006d 08       		.uleb128 0x8
 919 006e 3A       		.uleb128 0x3a
 920 006f 0B       		.uleb128 0xb
 921 0070 3B       		.uleb128 0x3b
 922 0071 0B       		.uleb128 0xb
 923 0072 49       		.uleb128 0x49
 924 0073 13       		.uleb128 0x13
 925 0074 02       		.uleb128 0x2
 926 0075 18       		.uleb128 0x18
 927 0076 00       		.byte	0
 928 0077 00       		.byte	0
 929 0078 0A       		.uleb128 0xa
 930 0079 05       		.uleb128 0x5
 931 007a 00       		.byte	0
 932 007b 03       		.uleb128 0x3
 933 007c 0E       		.uleb128 0xe
 934 007d 3A       		.uleb128 0x3a
 935 007e 0B       		.uleb128 0xb
 936 007f 3B       		.uleb128 0x3b
 937 0080 0B       		.uleb128 0xb
 938 0081 49       		.uleb128 0x49
ARM GAS  C:\Users\sunyi\AppData\Local\Temp\ccPIHzqO.s 			page 23


 939 0082 13       		.uleb128 0x13
 940 0083 02       		.uleb128 0x2
 941 0084 18       		.uleb128 0x18
 942 0085 00       		.byte	0
 943 0086 00       		.byte	0
 944 0087 0B       		.uleb128 0xb
 945 0088 0F       		.uleb128 0xf
 946 0089 00       		.byte	0
 947 008a 0B       		.uleb128 0xb
 948 008b 0B       		.uleb128 0xb
 949 008c 49       		.uleb128 0x49
 950 008d 13       		.uleb128 0x13
 951 008e 00       		.byte	0
 952 008f 00       		.byte	0
 953 0090 0C       		.uleb128 0xc
 954 0091 26       		.uleb128 0x26
 955 0092 00       		.byte	0
 956 0093 00       		.byte	0
 957 0094 00       		.byte	0
 958 0095 0D       		.uleb128 0xd
 959 0096 2E       		.uleb128 0x2e
 960 0097 00       		.byte	0
 961 0098 03       		.uleb128 0x3
 962 0099 0E       		.uleb128 0xe
 963 009a 3A       		.uleb128 0x3a
 964 009b 0B       		.uleb128 0xb
 965 009c 3B       		.uleb128 0x3b
 966 009d 0B       		.uleb128 0xb
 967 009e 27       		.uleb128 0x27
 968 009f 19       		.uleb128 0x19
 969 00a0 11       		.uleb128 0x11
 970 00a1 01       		.uleb128 0x1
 971 00a2 12       		.uleb128 0x12
 972 00a3 06       		.uleb128 0x6
 973 00a4 40       		.uleb128 0x40
 974 00a5 18       		.uleb128 0x18
 975 00a6 9642     		.uleb128 0x2116
 976 00a8 19       		.uleb128 0x19
 977 00a9 00       		.byte	0
 978 00aa 00       		.byte	0
 979 00ab 0E       		.uleb128 0xe
 980 00ac 2E       		.uleb128 0x2e
 981 00ad 00       		.byte	0
 982 00ae 03       		.uleb128 0x3
 983 00af 0E       		.uleb128 0xe
 984 00b0 3A       		.uleb128 0x3a
 985 00b1 0B       		.uleb128 0xb
 986 00b2 3B       		.uleb128 0x3b
 987 00b3 0B       		.uleb128 0xb
 988 00b4 27       		.uleb128 0x27
 989 00b5 19       		.uleb128 0x19
 990 00b6 11       		.uleb128 0x11
 991 00b7 01       		.uleb128 0x1
 992 00b8 12       		.uleb128 0x12
 993 00b9 06       		.uleb128 0x6
 994 00ba 40       		.uleb128 0x40
 995 00bb 18       		.uleb128 0x18
ARM GAS  C:\Users\sunyi\AppData\Local\Temp\ccPIHzqO.s 			page 24


 996 00bc 9742     		.uleb128 0x2117
 997 00be 19       		.uleb128 0x19
 998 00bf 00       		.byte	0
 999 00c0 00       		.byte	0
 1000 00c1 0F       		.uleb128 0xf
 1001 00c2 2E       		.uleb128 0x2e
 1002 00c3 01       		.byte	0x1
 1003 00c4 3F       		.uleb128 0x3f
 1004 00c5 19       		.uleb128 0x19
 1005 00c6 03       		.uleb128 0x3
 1006 00c7 0E       		.uleb128 0xe
 1007 00c8 3A       		.uleb128 0x3a
 1008 00c9 0B       		.uleb128 0xb
 1009 00ca 3B       		.uleb128 0x3b
 1010 00cb 0B       		.uleb128 0xb
 1011 00cc 27       		.uleb128 0x27
 1012 00cd 19       		.uleb128 0x19
 1013 00ce 11       		.uleb128 0x11
 1014 00cf 01       		.uleb128 0x1
 1015 00d0 12       		.uleb128 0x12
 1016 00d1 06       		.uleb128 0x6
 1017 00d2 40       		.uleb128 0x40
 1018 00d3 18       		.uleb128 0x18
 1019 00d4 9642     		.uleb128 0x2116
 1020 00d6 19       		.uleb128 0x19
 1021 00d7 00       		.byte	0
 1022 00d8 00       		.byte	0
 1023 00d9 10       		.uleb128 0x10
 1024 00da 0B       		.uleb128 0xb
 1025 00db 01       		.byte	0x1
 1026 00dc 11       		.uleb128 0x11
 1027 00dd 01       		.uleb128 0x1
 1028 00de 12       		.uleb128 0x12
 1029 00df 06       		.uleb128 0x6
 1030 00e0 00       		.byte	0
 1031 00e1 00       		.byte	0
 1032 00e2 11       		.uleb128 0x11
 1033 00e3 13       		.uleb128 0x13
 1034 00e4 01       		.byte	0x1
 1035 00e5 0B       		.uleb128 0xb
 1036 00e6 0B       		.uleb128 0xb
 1037 00e7 3A       		.uleb128 0x3a
 1038 00e8 0B       		.uleb128 0xb
 1039 00e9 3B       		.uleb128 0x3b
 1040 00ea 0B       		.uleb128 0xb
 1041 00eb 01       		.uleb128 0x1
 1042 00ec 13       		.uleb128 0x13
 1043 00ed 00       		.byte	0
 1044 00ee 00       		.byte	0
 1045 00ef 12       		.uleb128 0x12
 1046 00f0 0D       		.uleb128 0xd
 1047 00f1 00       		.byte	0
 1048 00f2 03       		.uleb128 0x3
 1049 00f3 0E       		.uleb128 0xe
 1050 00f4 3A       		.uleb128 0x3a
 1051 00f5 0B       		.uleb128 0xb
 1052 00f6 3B       		.uleb128 0x3b
ARM GAS  C:\Users\sunyi\AppData\Local\Temp\ccPIHzqO.s 			page 25


 1053 00f7 0B       		.uleb128 0xb
 1054 00f8 49       		.uleb128 0x49
 1055 00f9 13       		.uleb128 0x13
 1056 00fa 38       		.uleb128 0x38
 1057 00fb 0B       		.uleb128 0xb
 1058 00fc 00       		.byte	0
 1059 00fd 00       		.byte	0
 1060 00fe 13       		.uleb128 0x13
 1061 00ff 01       		.uleb128 0x1
 1062 0100 01       		.byte	0x1
 1063 0101 49       		.uleb128 0x49
 1064 0102 13       		.uleb128 0x13
 1065 0103 01       		.uleb128 0x1
 1066 0104 13       		.uleb128 0x13
 1067 0105 00       		.byte	0
 1068 0106 00       		.byte	0
 1069 0107 14       		.uleb128 0x14
 1070 0108 21       		.uleb128 0x21
 1071 0109 00       		.byte	0
 1072 010a 49       		.uleb128 0x49
 1073 010b 13       		.uleb128 0x13
 1074 010c 2F       		.uleb128 0x2f
 1075 010d 0B       		.uleb128 0xb
 1076 010e 00       		.byte	0
 1077 010f 00       		.byte	0
 1078 0110 15       		.uleb128 0x15
 1079 0111 34       		.uleb128 0x34
 1080 0112 00       		.byte	0
 1081 0113 03       		.uleb128 0x3
 1082 0114 0E       		.uleb128 0xe
 1083 0115 3A       		.uleb128 0x3a
 1084 0116 0B       		.uleb128 0xb
 1085 0117 3B       		.uleb128 0x3b
 1086 0118 0B       		.uleb128 0xb
 1087 0119 49       		.uleb128 0x49
 1088 011a 13       		.uleb128 0x13
 1089 011b 02       		.uleb128 0x2
 1090 011c 18       		.uleb128 0x18
 1091 011d 00       		.byte	0
 1092 011e 00       		.byte	0
 1093 011f 16       		.uleb128 0x16
 1094 0120 26       		.uleb128 0x26
 1095 0121 00       		.byte	0
 1096 0122 49       		.uleb128 0x49
 1097 0123 13       		.uleb128 0x13
 1098 0124 00       		.byte	0
 1099 0125 00       		.byte	0
 1100 0126 17       		.uleb128 0x17
 1101 0127 34       		.uleb128 0x34
 1102 0128 00       		.byte	0
 1103 0129 03       		.uleb128 0x3
 1104 012a 08       		.uleb128 0x8
 1105 012b 3A       		.uleb128 0x3a
 1106 012c 0B       		.uleb128 0xb
 1107 012d 3B       		.uleb128 0x3b
 1108 012e 05       		.uleb128 0x5
 1109 012f 49       		.uleb128 0x49
ARM GAS  C:\Users\sunyi\AppData\Local\Temp\ccPIHzqO.s 			page 26


 1110 0130 13       		.uleb128 0x13
 1111 0131 02       		.uleb128 0x2
 1112 0132 18       		.uleb128 0x18
 1113 0133 00       		.byte	0
 1114 0134 00       		.byte	0
 1115 0135 00       		.byte	0
 1116              		.section	.debug_aranges,"",%progbits
 1117 0000 44000000 		.4byte	0x44
 1118 0004 0200     		.2byte	0x2
 1119 0006 00000000 		.4byte	.Ldebug_info0
 1120 000a 04       		.byte	0x4
 1121 000b 00       		.byte	0
 1122 000c 0000     		.2byte	0
 1123 000e 0000     		.2byte	0
 1124 0010 00000000 		.4byte	.LFB2
 1125 0014 1E000000 		.4byte	.LFE2-.LFB2
 1126 0018 00000000 		.4byte	.LFB3
 1127 001c 22000000 		.4byte	.LFE3-.LFB3
 1128 0020 00000000 		.4byte	.LFB4
 1129 0024 22000000 		.4byte	.LFE4-.LFB4
 1130 0028 00000000 		.4byte	.LFB5
 1131 002c D0000000 		.4byte	.LFE5-.LFB5
 1132 0030 00000000 		.4byte	.LFB6
 1133 0034 28000000 		.4byte	.LFE6-.LFB6
 1134 0038 D0000000 		.4byte	.LFB7
 1135 003c 5C010000 		.4byte	.LFE7-.LFB7
 1136 0040 00000000 		.4byte	0
 1137 0044 00000000 		.4byte	0
 1138              		.section	.debug_ranges,"",%progbits
 1139              	.Ldebug_ranges0:
 1140 0000 00000000 		.4byte	.LFB2
 1141 0004 1E000000 		.4byte	.LFE2
 1142 0008 00000000 		.4byte	.LFB3
 1143 000c 22000000 		.4byte	.LFE3
 1144 0010 00000000 		.4byte	.LFB4
 1145 0014 22000000 		.4byte	.LFE4
 1146 0018 00000000 		.4byte	.LFB5
 1147 001c D0000000 		.4byte	.LFE5
 1148 0020 00000000 		.4byte	.LFB6
 1149 0024 28000000 		.4byte	.LFE6
 1150 0028 D0000000 		.4byte	.LFB7
 1151 002c 2C020000 		.4byte	.LFE7
 1152 0030 00000000 		.4byte	0
 1153 0034 00000000 		.4byte	0
 1154              		.section	.debug_line,"",%progbits
 1155              	.Ldebug_line0:
 1156 0000 65010000 		.section	.debug_str,"MS",%progbits,1
 1156      0200BE00 
 1156      00000201 
 1156      FB0E0D00 
 1156      01010101 
 1157              	.LASF18:
 1158 0000 72656733 		.ascii	"reg32\000"
 1158      3200
 1159              	.LASF11:
 1160 0006 73697A65 		.ascii	"size_t\000"
 1160      5F7400
ARM GAS  C:\Users\sunyi\AppData\Local\Temp\ccPIHzqO.s 			page 27


 1161              	.LASF24:
 1162 000d 416E616C 		.ascii	"AnalogSetDefault\000"
 1162      6F675365 
 1162      74446566 
 1162      61756C74 
 1162      00
 1163              	.LASF28:
 1164 001e 6366675F 		.ascii	"cfg_memset_list\000"
 1164      6D656D73 
 1164      65745F6C 
 1164      69737400 
 1165              	.LASF23:
 1166 002e 436C6F63 		.ascii	"ClockSetup\000"
 1166      6B536574 
 1166      757000
 1167              	.LASF31:
 1168 0039 433A5C55 		.ascii	"C:\\Users\\sunyi\\Desktop\\BLE_Proximity\\BLE_Proxi"
 1168      73657273 
 1168      5C73756E 
 1168      79695C44 
 1168      65736B74 
 1169 0067 6D697479 		.ascii	"mity.cydsn\000"
 1169      2E637964 
 1169      736E00
 1170              	.LASF4:
 1171 0072 73686F72 		.ascii	"short unsigned int\000"
 1171      7420756E 
 1171      7369676E 
 1171      65642069 
 1171      6E7400
 1172              	.LASF15:
 1173 0085 666C6F61 		.ascii	"float\000"
 1173      7400
 1174              	.LASF21:
 1175 008b 64657374 		.ascii	"dest\000"
 1175      00
 1176              	.LASF26:
 1177 0090 73697A65 		.ascii	"size\000"
 1177      00
 1178              	.LASF17:
 1179 0095 72656738 		.ascii	"reg8\000"
 1179      00
 1180              	.LASF6:
 1181 009a 6C6F6E67 		.ascii	"long unsigned int\000"
 1181      20756E73 
 1181      69676E65 
 1181      6420696E 
 1181      7400
 1182              	.LASF12:
 1183 00ac 75696E74 		.ascii	"uint8\000"
 1183      3800
 1184              	.LASF19:
 1185 00b2 43594D45 		.ascii	"CYMEMZERO\000"
 1185      4D5A4552 
 1185      4F00
 1186              	.LASF2:
 1187 00bc 756E7369 		.ascii	"unsigned char\000"
ARM GAS  C:\Users\sunyi\AppData\Local\Temp\ccPIHzqO.s 			page 28


 1187      676E6564 
 1187      20636861 
 1187      7200
 1188              	.LASF16:
 1189 00ca 646F7562 		.ascii	"double\000"
 1189      6C6500
 1190              	.LASF32:
 1191 00d1 63796669 		.ascii	"cyfitter_cfg\000"
 1191      74746572 
 1191      5F636667 
 1191      00
 1192              	.LASF29:
 1193 00de 474E5520 		.ascii	"GNU C 4.9.3 20150303 (release) [ARM/embedded-4_9-br"
 1193      4320342E 
 1193      392E3320 
 1193      32303135 
 1193      30333033 
 1194 0111 616E6368 		.ascii	"anch revision 221220] -mcpu=cortex-m0 -mthumb -g -O"
 1194      20726576 
 1194      6973696F 
 1194      6E203232 
 1194      31323230 
 1195 0144 30202D66 		.ascii	"0 -ffunction-sections -ffat-lto-objects\000"
 1195      66756E63 
 1195      74696F6E 
 1195      2D736563 
 1195      74696F6E 
 1196              	.LASF13:
 1197 016c 75696E74 		.ascii	"uint16\000"
 1197      313600
 1198              	.LASF14:
 1199 0173 75696E74 		.ascii	"uint32\000"
 1199      333200
 1200              	.LASF0:
 1201 017a 756E7369 		.ascii	"unsigned int\000"
 1201      676E6564 
 1201      20696E74 
 1201      00
 1202              	.LASF25:
 1203 0187 61646472 		.ascii	"address\000"
 1203      65737300 
 1204              	.LASF8:
 1205 018f 6C6F6E67 		.ascii	"long long unsigned int\000"
 1205      206C6F6E 
 1205      6720756E 
 1205      7369676E 
 1205      65642069 
 1206              	.LASF27:
 1207 01a6 6366675F 		.ascii	"cfg_memset_t\000"
 1207      6D656D73 
 1207      65745F74 
 1207      00
 1208              	.LASF30:
 1209 01b3 2E5C4765 		.ascii	".\\Generated_Source\\PSoC4\\cyfitter_cfg.c\000"
 1209      6E657261 
 1209      7465645F 
 1209      536F7572 
ARM GAS  C:\Users\sunyi\AppData\Local\Temp\ccPIHzqO.s 			page 29


 1209      63655C50 
 1210              	.LASF9:
 1211 01db 73697A65 		.ascii	"sizetype\000"
 1211      74797065 
 1211      00
 1212              	.LASF7:
 1213 01e4 6C6F6E67 		.ascii	"long long int\000"
 1213      206C6F6E 
 1213      6720696E 
 1213      7400
 1214              	.LASF10:
 1215 01f2 63686172 		.ascii	"char\000"
 1215      00
 1216              	.LASF3:
 1217 01f7 73686F72 		.ascii	"short int\000"
 1217      7420696E 
 1217      7400
 1218              	.LASF5:
 1219 0201 6C6F6E67 		.ascii	"long int\000"
 1219      20696E74 
 1219      00
 1220              	.LASF1:
 1221 020a 7369676E 		.ascii	"signed char\000"
 1221      65642063 
 1221      68617200 
 1222              	.LASF22:
 1223 0216 4359434F 		.ascii	"CYCONFIGCPYCODE\000"
 1223      4E464947 
 1223      43505943 
 1223      4F444500 
 1224              	.LASF20:
 1225 0226 4359434F 		.ascii	"CYCONFIGCPY\000"
 1225      4E464947 
 1225      43505900 
 1226              		.ident	"GCC: (GNU Tools for ARM Embedded Processors) 4.9.3 20150303 (release) [ARM/embedded-4_9-br
